// Jest Snapshot v1, https://goo.gl/fbAQLP

exports[`MoriV3Pool gas tests fee is off #burn above current price burn entire position after some time passes 1`] = `94995`;

exports[`MoriV3Pool gas tests fee is off #burn above current price burn when only position using ticks 1`] = `94995`;

exports[`MoriV3Pool gas tests fee is off #burn above current price entire position burn but other positions are using the ticks 1`] = `94277`;

exports[`MoriV3Pool gas tests fee is off #burn above current price partial position burn 1`] = `99077`;

exports[`MoriV3Pool gas tests fee is off #burn around current price burn entire position after some time passes 1`] = `114312`;

exports[`MoriV3Pool gas tests fee is off #burn around current price burn when only position using ticks 1`] = `107051`;

exports[`MoriV3Pool gas tests fee is off #burn around current price entire position burn but other positions are using the ticks 1`] = `98947`;

exports[`MoriV3Pool gas tests fee is off #burn around current price partial position burn 1`] = `103747`;

exports[`MoriV3Pool gas tests fee is off #burn below current price burn entire position after some time passes 1`] = `104477`;

exports[`MoriV3Pool gas tests fee is off #burn below current price burn when only position using ticks 1`] = `104477`;

exports[`MoriV3Pool gas tests fee is off #burn below current price entire position burn but other positions are using the ticks 1`] = `94930`;

exports[`MoriV3Pool gas tests fee is off #burn below current price partial position burn 1`] = `99730`;

exports[`MoriV3Pool gas tests fee is off #collect close to worst case 1`] = `45712`;

exports[`MoriV3Pool gas tests fee is off #increaseObservationCardinalityNext grow by 1 slot 1`] = `53046`;

exports[`MoriV3Pool gas tests fee is off #increaseObservationCardinalityNext no op 1`] = `26628`;

exports[`MoriV3Pool gas tests fee is off #mint above current price add to position after some time passes 1`] = `110311`;

exports[`MoriV3Pool gas tests fee is off #mint above current price add to position existing 1`] = `110311`;

exports[`MoriV3Pool gas tests fee is off #mint above current price new position mint first in range 1`] = `228973`;

exports[`MoriV3Pool gas tests fee is off #mint above current price second position in same range 1`] = `127411`;

exports[`MoriV3Pool gas tests fee is off #mint around current price add to position after some time passes 1`] = `148240`;

exports[`MoriV3Pool gas tests fee is off #mint around current price add to position existing 1`] = `139163`;

exports[`MoriV3Pool gas tests fee is off #mint around current price new position mint first in range 1`] = `329328`;

exports[`MoriV3Pool gas tests fee is off #mint around current price second position in same range 1`] = `156263`;

exports[`MoriV3Pool gas tests fee is off #mint below current price add to position after some time passes 1`] = `110915`;

exports[`MoriV3Pool gas tests fee is off #mint below current price add to position existing 1`] = `110915`;

exports[`MoriV3Pool gas tests fee is off #mint below current price new position mint first in range 1`] = `310629`;

exports[`MoriV3Pool gas tests fee is off #mint below current price second position in same range 1`] = `128015`;

exports[`MoriV3Pool gas tests fee is off #poke best case 1`] = `53866`;

exports[`MoriV3Pool gas tests fee is off #snapshotCumulativesInside tick above 1`] = `31522`;

exports[`MoriV3Pool gas tests fee is off #snapshotCumulativesInside tick below 1`] = `31484`;

exports[`MoriV3Pool gas tests fee is off #snapshotCumulativesInside tick inside 1`] = `38860`;

exports[`MoriV3Pool gas tests fee is off #swapExact0For1 first swap in block moves tick, no initialized crossings 1`] = `123525`;

exports[`MoriV3Pool gas tests fee is off #swapExact0For1 first swap in block with no tick movement 1`] = `108157`;

exports[`MoriV3Pool gas tests fee is off #swapExact0For1 first swap in block, large swap crossing a single initialized tick 1`] = `151526`;

exports[`MoriV3Pool gas tests fee is off #swapExact0For1 first swap in block, large swap crossing several initialized ticks 1`] = `212631`;

exports[`MoriV3Pool gas tests fee is off #swapExact0For1 first swap in block, large swap, no initialized crossings 1`] = `137434`;

exports[`MoriV3Pool gas tests fee is off #swapExact0For1 large swap crossing several initialized ticks after some time passes 1`] = `212631`;

exports[`MoriV3Pool gas tests fee is off #swapExact0For1 large swap crossing several initialized ticks second time after some time passes 1`] = `231831`;

exports[`MoriV3Pool gas tests fee is off #swapExact0For1 second swap in block moves tick, no initialized crossings 1`] = `123525`;

exports[`MoriV3Pool gas tests fee is off #swapExact0For1 second swap in block with no tick movement 1`] = `108257`;

exports[`MoriV3Pool gas tests fee is off #swapExact0For1 second swap in block, large swap crossing a single initialized tick 1`] = `138503`;

exports[`MoriV3Pool gas tests fee is off #swapExact0For1 second swap in block, large swap crossing several initialized ticks 1`] = `200580`;

exports[`MoriV3Pool gas tests fee is on #burn above current price burn entire position after some time passes 1`] = `94995`;

exports[`MoriV3Pool gas tests fee is on #burn above current price burn when only position using ticks 1`] = `94995`;

exports[`MoriV3Pool gas tests fee is on #burn above current price entire position burn but other positions are using the ticks 1`] = `94277`;

exports[`MoriV3Pool gas tests fee is on #burn above current price partial position burn 1`] = `99077`;

exports[`MoriV3Pool gas tests fee is on #burn around current price burn entire position after some time passes 1`] = `114312`;

exports[`MoriV3Pool gas tests fee is on #burn around current price burn when only position using ticks 1`] = `107051`;

exports[`MoriV3Pool gas tests fee is on #burn around current price entire position burn but other positions are using the ticks 1`] = `98947`;

exports[`MoriV3Pool gas tests fee is on #burn around current price partial position burn 1`] = `103747`;

exports[`MoriV3Pool gas tests fee is on #burn below current price burn entire position after some time passes 1`] = `104477`;

exports[`MoriV3Pool gas tests fee is on #burn below current price burn when only position using ticks 1`] = `104477`;

exports[`MoriV3Pool gas tests fee is on #burn below current price entire position burn but other positions are using the ticks 1`] = `94930`;

exports[`MoriV3Pool gas tests fee is on #burn below current price partial position burn 1`] = `99730`;

exports[`MoriV3Pool gas tests fee is on #collect close to worst case 1`] = `45712`;

exports[`MoriV3Pool gas tests fee is on #increaseObservationCardinalityNext grow by 1 slot 1`] = `53046`;

exports[`MoriV3Pool gas tests fee is on #increaseObservationCardinalityNext no op 1`] = `26628`;

exports[`MoriV3Pool gas tests fee is on #mint above current price add to position after some time passes 1`] = `110311`;

exports[`MoriV3Pool gas tests fee is on #mint above current price add to position existing 1`] = `110311`;

exports[`MoriV3Pool gas tests fee is on #mint above current price new position mint first in range 1`] = `228973`;

exports[`MoriV3Pool gas tests fee is on #mint above current price second position in same range 1`] = `127411`;

exports[`MoriV3Pool gas tests fee is on #mint around current price add to position after some time passes 1`] = `148240`;

exports[`MoriV3Pool gas tests fee is on #mint around current price add to position existing 1`] = `139163`;

exports[`MoriV3Pool gas tests fee is on #mint around current price new position mint first in range 1`] = `329328`;

exports[`MoriV3Pool gas tests fee is on #mint around current price second position in same range 1`] = `156263`;

exports[`MoriV3Pool gas tests fee is on #mint below current price add to position after some time passes 1`] = `110915`;

exports[`MoriV3Pool gas tests fee is on #mint below current price add to position existing 1`] = `110915`;

exports[`MoriV3Pool gas tests fee is on #mint below current price new position mint first in range 1`] = `310629`;

exports[`MoriV3Pool gas tests fee is on #mint below current price second position in same range 1`] = `128015`;

exports[`MoriV3Pool gas tests fee is on #poke best case 1`] = `53866`;

exports[`MoriV3Pool gas tests fee is on #snapshotCumulativesInside tick above 1`] = `31522`;

exports[`MoriV3Pool gas tests fee is on #snapshotCumulativesInside tick below 1`] = `31484`;

exports[`MoriV3Pool gas tests fee is on #snapshotCumulativesInside tick inside 1`] = `38860`;

exports[`MoriV3Pool gas tests fee is on #swapExact0For1 first swap in block moves tick, no initialized crossings 1`] = `129143`;

exports[`MoriV3Pool gas tests fee is on #swapExact0For1 first swap in block with no tick movement 1`] = `113499`;

exports[`MoriV3Pool gas tests fee is on #swapExact0For1 first swap in block, large swap crossing a single initialized tick 1`] = `157420`;

exports[`MoriV3Pool gas tests fee is on #swapExact0For1 first swap in block, large swap crossing several initialized ticks 1`] = `219353`;

exports[`MoriV3Pool gas tests fee is on #swapExact0For1 first swap in block, large swap, no initialized crossings 1`] = `143604`;

exports[`MoriV3Pool gas tests fee is on #swapExact0For1 large swap crossing several initialized ticks after some time passes 1`] = `219353`;

exports[`MoriV3Pool gas tests fee is on #swapExact0For1 large swap crossing several initialized ticks second time after some time passes 1`] = `238553`;

exports[`MoriV3Pool gas tests fee is on #swapExact0For1 second swap in block moves tick, no initialized crossings 1`] = `129143`;

exports[`MoriV3Pool gas tests fee is on #swapExact0For1 second swap in block with no tick movement 1`] = `113599`;

exports[`MoriV3Pool gas tests fee is on #swapExact0For1 second swap in block, large swap crossing a single initialized tick 1`] = `144121`;

exports[`MoriV3Pool gas tests fee is on #swapExact0For1 second swap in block, large swap crossing several initialized ticks 1`] = `207026`;
