// Jest Snapshot v1, https://goo.gl/fbAQLP

exports[`MoriV3Factory #createPool gas 1`] = `4673407`;

exports[`MoriV3Factory factory bytecode size 1`] = `5151`;

exports[`MoriV3Factory pool bytecode size 1`] = `22676`;
