// Jest Snapshot v1, https://goo.gl/fbAQLP

exports[`PoolAddress #computeAddress gas cost 1`] = `642`;

exports[`PoolAddress #computeAddress matches example from core repo 1`] = `"0xF5d1DcaBcb12A9fC05003C1d044F8B66691c4FF0"`;
