// Jest Snapshot v1, https://goo.gl/fbAQLP

exports[`SwapRouter gas tests #exactInput 0 -> 1 -> 2 1`] = `182691`;

exports[`SwapRouter gas tests #exactInput 0 -> 1 1`] = `112867`;

exports[`SwapRouter gas tests #exactInput 0 -> WETH9 1`] = `132686`;

exports[`SwapRouter gas tests #exactInput 2 trades (via router) 1`] = `199074`;

exports[`SwapRouter gas tests #exactInput 3 trades (directly to sender) 1`] = `273936`;

exports[`SwapRouter gas tests #exactInput WETH9 -> 0 1`] = `111202`;

exports[`SwapRouter gas tests #exactInputSingle 0 -> 1 1`] = `112265`;

exports[`SwapRouter gas tests #exactInputSingle 0 -> WETH9 1`] = `132078`;

exports[`SwapRouter gas tests #exactInputSingle WETH9 -> 0 1`] = `110600`;

exports[`SwapRouter gas tests #exactOutput 0 -> 1 -> 2 1`] = `179443`;

exports[`SwapRouter gas tests #exactOutput 0 -> 1 1`] = `116852`;

exports[`SwapRouter gas tests #exactOutput 0 -> WETH9 1`] = `133916`;

exports[`SwapRouter gas tests #exactOutput WETH9 -> 0 1`] = `124821`;

exports[`SwapRouter gas tests #exactOutputSingle 0 -> 1 1`] = `116996`;

exports[`SwapRouter gas tests #exactOutputSingle 0 -> WETH9 1`] = `134060`;

exports[`SwapRouter gas tests #exactOutputSingle WETH9 -> 0 1`] = `119430`;

exports[`SwapRouter gas tests 3 trades (directly to sender) 1`] = `189678`;
